
Memory Configuration

Name             Origin             Length             Attributes
Flash            0x00000000         0x20000000         xr
SRAM             0x20000000         0x20000000         xrw
*default*        0x00000000         0xffffffff

Linker script and memory map


.text           0x00000000      0x138
 *(.vectors*)
 .vectors       0x00000000       0x1c startup.o
                0x00000000                ptr_fn_vectors
 *(.text*)
 .text          0x0000001c       0x90 startup.o
                0x0000001c                Bus_Fault_Handler
                0x0000001c                H_Fault_Handler
                0x0000001c                MM_Fault_Handler
                0x0000001c                Usage_Fault_Handler
                0x0000001c                Default_Handler
                0x0000001c                NMI_Handler
                0x00000028                Reset_Handler
 .text          0x000000ac       0x8c main.o
                0x000000ac                main
 *(.rodata*)
                0x00000138                _E_text = .

.glue_7         0x00000138        0x0
 .glue_7        0x00000138        0x0 linker stubs

.glue_7t        0x00000138        0x0
 .glue_7t       0x00000138        0x0 linker stubs

.vfp11_veneer   0x00000138        0x0
 .vfp11_veneer  0x00000138        0x0 linker stubs

.v4_bx          0x00000138        0x0
 .v4_bx         0x00000138        0x0 linker stubs

.iplt           0x00000138        0x0
 .iplt          0x00000138        0x0 startup.o

.rel.dyn        0x00000138        0x0
 .rel.iplt      0x00000138        0x0 startup.o

.data           0x20000000        0x0 load address 0x00000138
                0x20000000                _S_data = .
 *(.data*)
 .data          0x20000000        0x0 startup.o
 .data          0x20000000        0x0 main.o
                0x20000000                . = ALIGN (0x4)
                0x20000000                _E_data = .

.igot.plt       0x20000000        0x0 load address 0x00000138
 .igot.plt      0x20000000        0x0 startup.o

.bss            0x20000000      0x400 load address 0x00000138
                0x20000000                _S_bss = .
 *(.bss*)
 .bss           0x20000000      0x400 startup.o
 .bss           0x20000400        0x0 main.o
                0x20000400                _E_bss = .
LOAD startup.o
LOAD main.o
OUTPUT(unit3_lab3-cortex-m4.elf elf32-littlearm)
LOAD linker stubs

.debug_info     0x00000000      0x260
 .debug_info    0x00000000      0x1ad startup.o
 .debug_info    0x000001ad       0xb3 main.o

.debug_abbrev   0x00000000      0x145
 .debug_abbrev  0x00000000       0xd6 startup.o
 .debug_abbrev  0x000000d6       0x6f main.o

.debug_loc      0x00000000       0xb4
 .debug_loc     0x00000000       0x7c startup.o
 .debug_loc     0x0000007c       0x38 main.o

.debug_aranges  0x00000000       0x40
 .debug_aranges
                0x00000000       0x20 startup.o
 .debug_aranges
                0x00000020       0x20 main.o

.debug_line     0x00000000      0x141
 .debug_line    0x00000000       0xbf startup.o
 .debug_line    0x000000bf       0x82 main.o

.debug_str      0x00000000      0x20e
 .debug_str     0x00000000      0x1f6 startup.o
                                0x22a (size before relaxing)
 .debug_str     0x000001f6       0x18 main.o
                                0x1a1 (size before relaxing)

.comment        0x00000000       0x4d
 .comment       0x00000000       0x4d startup.o
                                 0x4e (size before relaxing)
 .comment       0x0000004d       0x4e main.o

.ARM.attributes
                0x00000000       0x2e
 .ARM.attributes
                0x00000000       0x2e startup.o
 .ARM.attributes
                0x0000002e       0x2e main.o

.debug_frame    0x00000000       0x7c
 .debug_frame   0x00000000       0x50 startup.o
 .debug_frame   0x00000050       0x2c main.o
